2026-10-02 03:13:21 waiting for the MD jobs (md_P*) to leave the queue
2026-10-02 03:13:21 queue empty of md_ jobs
MD complete: 32 of 32
   PA1_s11 47.7 min 201 frames T@300K-frames [307, 292, 300, 298, 303, 303, 295, 300] layers [1024, 1024, 1024, 1024, 484, 0] -> [1024, 1024, 1022, 1011, 499, 0] changed 49
   PA1_s23 44.0 min 201 frames T@300K-frames [299, 295, 295, 297, 304, 298, 301, 299] layers [1024, 1024, 1024, 1024, 475, 0] -> [1024, 1024, 1022, 1012, 489, 0] changed 56
   PA1_s37 43.8 min 201 frames T@300K-frames [305, 292, 309, 302, 294, 298, 297, 307] layers [1024, 1024, 1024, 1024, 478, 0] -> [1024, 1024, 1024, 1018, 484, 0] changed 42
   PA1_s51 45.8 min 201 frames T@300K-frames [301, 303, 292, 298, 303, 298, 302, 295] layers [1024, 1024, 1024, 1024, 486, 0] -> [1024, 1024, 1023, 1018, 493, 0] changed 28
   PA2_s11 46.1 min 201 frames T@300K-frames [299, 304, 308, 296, 303, 299, 294, 302] layers [1024, 1024, 1024, 1024, 512, 0] -> [1024, 1024, 1023, 1017, 520, 0] changed 37
   PA2_s23 44.7 min 201 frames T@300K-frames [297, 294, 299, 288, 307, 298, 297, 303] layers [1024, 1024, 1024, 1024, 510, 0] -> [1024, 1024, 1023, 1021, 514, 0] changed 15
   PA2_s37 44.8 min 201 frames T@300K-frames [301, 298, 291, 286, 299, 299, 299, 305] layers [1024, 1024, 1024, 1024, 506, 0] -> [1024, 1024, 1024, 1021, 509, 0] changed 23
   PA2_s51 44.7 min 201 frames T@300K-frames [307, 295, 299, 307, 303, 297, 303, 302] layers [1024, 1024, 1024, 1024, 507, 0] -> [1024, 1024, 1023, 1022, 510, 0] changed 20
   PB1_s11 45.8 min 201 frames T@300K-frames [303, 298, 293, 301, 291, 309, 300, 293] layers [1024, 1024, 1024, 1024, 154, 0] -> [1024, 1024, 1024, 1021, 157, 0] changed 31
   PB1_s23 45.3 min 201 frames T@300K-frames [295, 305, 297, 308, 295, 297, 297, 312] layers [1024, 1024, 1024, 1024, 154, 0] -> [1024, 1024, 1024, 1018, 160, 0] changed 24
   PB1_s37 45.5 min 201 frames T@300K-frames [299, 302, 297, 305, 298, 302, 294, 302] layers [1024, 1024, 1024, 1024, 154, 0] -> [1024, 1024, 1020, 1032, 150, 0] changed 52
   PB1_s51 45.6 min 201 frames T@300K-frames [301, 297, 294, 302, 294, 305, 303, 301] layers [1024, 1024, 1024, 1024, 154, 0] -> [1024, 1024, 1022, 1021, 159, 0] changed 41
   PB2_s11 48.7 min 201 frames T@300K-frames [296, 295, 311, 299, 291, 296, 306, 289] layers [1024, 1024, 1024, 1024, 358, 0] -> [1024, 1024, 1022, 1015, 369, 0] changed 59
   PB2_s23 47.1 min 201 frames T@300K-frames [305, 300, 306, 295, 299, 292, 299, 308] layers [1024, 1024, 1024, 1024, 358, 0] -> [1024, 1024, 1024, 1013, 369, 0] changed 39
   PB2_s37 47.3 min 201 frames T@300K-frames [307, 294, 306, 299, 299, 292, 302, 305] layers [1024, 1024, 1024, 1024, 358, 0] -> [1024, 1024, 1024, 1013, 369, 0] changed 41
   PB2_s51 47.2 min 201 frames T@300K-frames [298, 302, 301, 303, 305, 302, 306, 308] layers [1024, 1024, 1024, 1024, 358, 0] -> [1024, 1024, 1020, 1014, 372, 0] changed 44
   PC1_s11 49.2 min 201 frames T@300K-frames [294, 294, 296, 308, 300, 304, 292, 311] layers [1024, 1024, 1024, 922, 0, 0] -> [1024, 1024, 1009, 937, 0, 0] changed 21
   PC1_s23 43.6 min 201 frames T@300K-frames [295, 299, 296, 307, 300, 294, 304, 306] layers [1024, 1024, 1024, 922, 0, 0] -> [1024, 1024, 1014, 932, 0, 0] changed 30
   PC1_s37 46.1 min 201 frames T@300K-frames [305, 295, 295, 296, 298, 300, 302, 296] layers [1024, 1024, 1024, 922, 0, 0] -> [1024, 1024, 1011, 935, 0, 0] changed 19
   PC1_s51 47.3 min 201 frames T@300K-frames [297, 293, 302, 305, 300, 295, 305, 287] layers [1024, 1024, 1024, 922, 0, 0] -> [1024, 1024, 1011, 935, 0, 0] changed 17
   PC2_s11 45.6 min 201 frames T@300K-frames [302, 309, 302, 304, 303, 294, 308, 289] layers [1024, 1024, 1024, 768, 0, 0] -> [1024, 1024, 1010, 782, 0, 0] changed 28
   PC2_s23 45.8 min 201 frames T@300K-frames [298, 305, 293, 303, 299, 296, 304, 301] layers [1024, 1024, 1024, 768, 0, 0] -> [1024, 1024, 1009, 783, 0, 0] changed 35
   PC2_s37 46.2 min 201 frames T@300K-frames [300, 309, 290, 297, 297, 305, 313, 307] layers [1024, 1024, 1024, 768, 0, 0] -> [1024, 1024, 1006, 786, 0, 0] changed 34
   PC2_s51 43.5 min 201 frames T@300K-frames [296, 292, 302, 301, 296, 305, 297, 303] layers [1024, 1024, 1024, 768, 0, 0] -> [1024, 1024, 1012, 780, 0, 0] changed 30
   PD1_s11 45.8 min 201 frames T@300K-frames [302, 302, 302, 297, 293, 302, 304, 301] layers [1024, 1024, 1024, 1024, 508, 0] -> [1024, 1024, 1020, 998, 538, 0] changed 88
   PD1_s23 49.3 min 201 frames T@300K-frames [302, 296, 300, 298, 303, 306, 302, 299] layers [1024, 1024, 1024, 1024, 519, 0] -> [1024, 1024, 1015, 1003, 549, 0] changed 121
   PD1_s37 49.5 min 201 frames T@300K-frames [306, 306, 302, 308, 297, 303, 303, 301] layers [1024, 1024, 1024, 1024, 514, 0] -> [1024, 1024, 1021, 1004, 537, 0] changed 90
   PD1_s51 49.4 min 201 frames T@300K-frames [298, 299, 299, 303, 305, 297, 290, 301] layers [1024, 1024, 1024, 1024, 514, 0] -> [1024, 1024, 1019, 995, 548, 0] changed 100
   PD2_s11 48.8 min 201 frames T@300K-frames [305, 305, 293, 301, 292, 299, 299, 298] layers [1024, 1024, 1024, 1024, 509, 0] -> [1024, 1024, 1009, 989, 559, 0] changed 147
   PD2_s23 46.7 min 201 frames T@300K-frames [293, 304, 304, 306, 298, 293, 294, 308] layers [1024, 1024, 1024, 1024, 519, 0] -> [1024, 1024, 1017, 996, 554, 0] changed 140
   PD2_s37 46.9 min 201 frames T@300K-frames [301, 303, 289, 298, 307, 294, 293, 298] layers [1024, 1024, 1024, 1024, 519, 0] -> [1024, 1024, 1019, 987, 561, 0] changed 141
   PD2_s51 44.9 min 201 frames T@300K-frames [300, 299, 295, 298, 295, 303, 300, 303] layers [1024, 1024, 1024, 1024, 513, 0] -> [1024, 1024, 1019, 999, 543, 0] changed 137
2026-10-02 03:14:38 step 6: select_centres (production mode, 300 K frames by timestep)
